[    6988ms] [INFO] %cDownload the React DevTools for a better development experience: https://react.dev/link/react-devtools font-weight:bold @ http://localhost:3000/_next/static/chunks/node_modules_next_dist_compiled_react-dom_1e674e59._.js:14537
[    7620ms] [WARNING] Clerk: Clerk has been loaded with development keys. Development instances have strict usage limits and should not be used when deploying your application to production. Learn more: https://clerk.com/docs/deployments/overview @ https://wise-grouse-94.clerk.accounts.dev/npm/@clerk/clerk-js@5/dist/clerk.browser.js:18
[    7621ms] [WARNING] Clerk: The prop "afterSignInUrl" is deprecated and should be replaced with the new "fallbackRedirectUrl" or "forceRedirectUrl" props instead. Learn more: https://clerk.com/docs/guides/custom-redirects#redirect-url-props @ https://wise-grouse-94.clerk.accounts.dev/npm/@clerk/clerk-js@5/dist/clerk.browser.js:18
[    7900ms] [ERROR] Failed to load resource: the server responded with a status of 404 (Not Found) @ http://localhost:3000/favicon.ico:0
[    7902ms] [LOG] [Fast Refresh] rebuilding @ http://localhost:3000/_next/static/chunks/node_modules_next_dist_client_cf1d9188._.js:5949
[    8137ms] [LOG] [Fast Refresh] done in 391ms @ http://localhost:3000/_next/static/chunks/node_modules_next_dist_client_cf1d9188._.js:5809
[   14162ms] [LOG] [Fast Refresh] rebuilding @ http://localhost:3000/_next/static/chunks/node_modules_next_dist_client_cf1d9188._.js:5949
[   14266ms] [LOG] [Fast Refresh] done in 205ms @ http://localhost:3000/_next/static/chunks/node_modules_next_dist_client_cf1d9188._.js:5809
[  125489ms] [LOG] [Fast Refresh] rebuilding @ http://localhost:3000/_next/static/chunks/node_modules_next_dist_client_cf1d9188._.js:5949
[  129541ms] [LOG] [Fast Refresh] done in 4157ms @ http://localhost:3000/_next/static/chunks/node_modules_next_dist_client_cf1d9188._.js:5809
[  129647ms] [LOG] [Fast Refresh] rebuilding @ http://localhost:3000/_next/static/chunks/node_modules_next_dist_client_cf1d9188._.js:5949
[  129984ms] [LOG] [Fast Refresh] done in 440ms @ http://localhost:3000/_next/static/chunks/node_modules_next_dist_client_cf1d9188._.js:5809
[  131925ms] [LOG] [Fast Refresh] rebuilding @ http://localhost:3000/_next/static/chunks/node_modules_next_dist_client_cf1d9188._.js:5949
[  131982ms] [VERBOSE] [DOM] Input elements should have autocomplete attributes (suggested: "current-password"): (More info: https://goo.gl/9p2vKq) %o @ http://localhost:3000/sign-in:0
[  131998ms] [LOG] [Fast Refresh] done in 203ms @ http://localhost:3000/_next/static/chunks/node_modules_next_dist_client_cf1d9188._.js:5809
[  135360ms] [WARNING] The resource http://localhost:3000/_next/static/media/017d9bea37084d9b-s.p.a6d6de71.woff2 was preloaded using link preload but not used within a few seconds from the window's load event. Please make sure it has an appropriate `as` value and it is preloaded intentionally. @ http://localhost:3000/sign-in:0
[  135360ms] [WARNING] The resource http://localhost:3000/_next/static/media/051742360c26797e-s.p.102b7f24.woff2 was preloaded using link preload but not used within a few seconds from the window's load event. Please make sure it has an appropriate `as` value and it is preloaded intentionally. @ http://localhost:3000/sign-in:0
[  175211ms] [VERBOSE] [DOM] Input elements should have autocomplete attributes (suggested: "current-password"): (More info: https://goo.gl/9p2vKq) %o @ http://localhost:3000/sign-in:0
[  175416ms] [LOG] [Fast Refresh] rebuilding @ http://localhost:3000/_next/static/chunks/node_modules_next_dist_client_cf1d9188._.js:5949
[  175515ms] [LOG] [Fast Refresh] done in 204ms @ http://localhost:3000/_next/static/chunks/node_modules_next_dist_client_cf1d9188._.js:5809
[  178176ms] [WARNING] The resource http://localhost:3000/_next/static/media/017d9bea37084d9b-s.p.a6d6de71.woff2 was preloaded using link preload but not used within a few seconds from the window's load event. Please make sure it has an appropriate `as` value and it is preloaded intentionally. @ http://localhost:3000/sign-in:0
[  178177ms] [WARNING] The resource http://localhost:3000/_next/static/media/051742360c26797e-s.p.102b7f24.woff2 was preloaded using link preload but not used within a few seconds from the window's load event. Please make sure it has an appropriate `as` value and it is preloaded intentionally. @ http://localhost:3000/sign-in:0
[  346222ms] [LOG] [Fast Refresh] rebuilding @ http://localhost:3000/_next/static/chunks/node_modules_next_dist_client_cf1d9188._.js:5949
[  349833ms] [LOG] [Fast Refresh] done in 3682ms @ http://localhost:3000/_next/static/chunks/node_modules_next_dist_client_cf1d9188._.js:5809
[  418302ms] [LOG] [Fast Refresh] rebuilding @ http://localhost:3000/_next/static/chunks/node_modules_next_dist_client_cf1d9188._.js:5949
[  421736ms] [LOG] [Fast Refresh] done in 3539ms @ http://localhost:3000/_next/static/chunks/node_modules_next_dist_client_cf1d9188._.js:5809
[  421841ms] [LOG] [Fast Refresh] rebuilding @ http://localhost:3000/_next/static/chunks/node_modules_next_dist_client_cf1d9188._.js:5949
[  422093ms] [LOG] [Fast Refresh] done in 356ms @ http://localhost:3000/_next/static/chunks/node_modules_next_dist_client_cf1d9188._.js:5809
[  423727ms] [ERROR] Failed to load resource: the server responded with a status of 404 (Not Found) @ http://localhost:3000/_next/static/chunks/main-app.js:0
[  439989ms] [ERROR] Failed to load resource: the server responded with a status of 500 (Internal Server Error) @ http://localhost:3000/:0
[  440225ms] [INFO] %cDownload the React DevTools for a better development experience: https://react.dev/link/react-devtools font-weight:bold @ http://localhost:3000/_next/static/chunks/node_modules_react-dom_4411d9bd._.js:15305
[  440332ms] Error: Could not find the module "[project]/node_modules/next/dist/client/components/builtin/global-error.js#default" in the React Client Manifest. This is probably a bug in the React Server Components bundler.
    at stringify (<anonymous>:1:18)
    at resolveErrorDev (file://C:\Users\ASUS\commit-projectv2\node_modules\next\dist\compiled\next-server\app-page-turbo.runtime.dev.js:2:371669)
    at processFullStringRow (file://C:\Users\ASUS\commit-projectv2\node_modules\next\dist\compiled\next-server\app-page-turbo.runtime.dev.js:2:381515)
    at <unknown> (file://C:\Users\ASUS\commit-projectv2\node_modules\next\dist\compiled\next-server\app-page-turbo.runtime.dev.js:2:386763)
    at processBinaryChunk (file://C:\Users\ASUS\commit-projectv2\node_modules\next\dist\compiled\next-server\app-page-turbo.runtime.dev.js:2:386835)
    at progress (file://C:\Users\ASUS\commit-projectv2\node_modules\next\dist\compiled\next-server\app-page-turbo.runtime.dev.js:2:388363)
[  440331ms] [LOG] [HMR] connected @ http://localhost:3000/_next/static/chunks/node_modules_next_dist_client_d0aa886c._.js:2207
[ 1003305ms] [LOG] [Fast Refresh] rebuilding @ http://localhost:3000/_next/static/chunks/node_modules_next_dist_client_d0aa886c._.js:2495
[ 1003505ms] [LOG] [Fast Refresh] done in 307ms @ http://localhost:3000/_next/static/chunks/node_modules_next_dist_client_d0aa886c._.js:2355
[ 1014156ms] [LOG] [Fast Refresh] rebuilding @ http://localhost:3000/_next/static/chunks/node_modules_next_dist_client_d0aa886c._.js:2495
[ 1015542ms] [LOG] [Fast Refresh] done in 1489ms @ http://localhost:3000/_next/static/chunks/node_modules_next_dist_client_d0aa886c._.js:2355
[ 1032898ms] [LOG] [Fast Refresh] rebuilding @ http://localhost:3000/_next/static/chunks/node_modules_next_dist_client_d0aa886c._.js:2495
[ 1033924ms] [LOG] [Fast Refresh] done in 1126ms @ http://localhost:3000/_next/static/chunks/node_modules_next_dist_client_d0aa886c._.js:2355
[ 1044031ms] [LOG] [Fast Refresh] rebuilding @ http://localhost:3000/_next/static/chunks/node_modules_next_dist_client_d0aa886c._.js:2495
[ 1044526ms] [LOG] [Fast Refresh] done in 596ms @ http://localhost:3000/_next/static/chunks/node_modules_next_dist_client_d0aa886c._.js:2355
[ 1056066ms] [LOG] [Fast Refresh] rebuilding @ http://localhost:3000/_next/static/chunks/node_modules_next_dist_client_d0aa886c._.js:2495
[ 1056347ms] [LOG] [Fast Refresh] done in 388ms @ http://localhost:3000/_next/static/chunks/node_modules_next_dist_client_d0aa886c._.js:2355
[ 1103299ms] [LOG] [Fast Refresh] rebuilding @ http://localhost:3000/_next/static/chunks/node_modules_next_dist_client_d0aa886c._.js:2495
[ 1103548ms] [LOG] [Fast Refresh] done in 349ms @ http://localhost:3000/_next/static/chunks/node_modules_next_dist_client_d0aa886c._.js:2355
[ 1103654ms] [LOG] [Fast Refresh] rebuilding @ http://localhost:3000/_next/static/chunks/node_modules_next_dist_client_d0aa886c._.js:2495
[ 1103878ms] [LOG] [Fast Refresh] done in 329ms @ http://localhost:3000/_next/static/chunks/node_modules_next_dist_client_d0aa886c._.js:2355
[ 4852107ms] [LOG] [Fast Refresh] rebuilding @ http://localhost:3000/_next/static/chunks/node_modules_next_dist_client_d0aa886c._.js:2495
[ 4852798ms] [LOG] [Fast Refresh] done in 833ms @ http://localhost:3000/_next/static/chunks/node_modules_next_dist_client_d0aa886c._.js:2355
[ 4927537ms] [LOG] [Fast Refresh] rebuilding @ http://localhost:3000/_next/static/chunks/node_modules_next_dist_client_d0aa886c._.js:2495
[ 4928106ms] [LOG] [Fast Refresh] done in 668ms @ http://localhost:3000/_next/static/chunks/node_modules_next_dist_client_d0aa886c._.js:2355
[ 4936527ms] [LOG] [Fast Refresh] rebuilding @ http://localhost:3000/_next/static/chunks/node_modules_next_dist_client_d0aa886c._.js:2495
[ 4936671ms] [LOG] [Fast Refresh] done in 246ms @ http://localhost:3000/_next/static/chunks/node_modules_next_dist_client_d0aa886c._.js:2355
[ 4937265ms] [LOG] [Fast Refresh] rebuilding @ http://localhost:3000/_next/static/chunks/node_modules_next_dist_client_d0aa886c._.js:2495
[ 4937283ms] [LOG] [Fast Refresh] done in 121ms @ http://localhost:3000/_next/static/chunks/node_modules_next_dist_client_d0aa886c._.js:2355
